// Jest Snapshot v1, https://goo.gl/fbAQLP

exports[`Component should render correctly 1`] = `"<p>text</p>"`;
